[      0.001] <inf> os: Zephyr Kernel Booting on generic-cortex-m4
[      0.012] <inf> clock: Core Clock set to 168MHz (HSE 8MHz)
[      0.025] <inf> gpio: Port A, B, C, D clocks enabled
[      0.040] <dbg> dma: DMA1 Stream 0 mapped to SPI1_RX
[      0.041] <dbg> dma: DMA1 Stream 1 mapped to SPI1_TX
[      0.100] <inf> fs_nvs: 16 Sectors of 4096 bytes mounted at 0x08040000
[      0.102] <inf> fs_nvs: alloc wra: 0, fa0
[      0.103] <inf> fs_nvs: data wra: 0, 1a
[      0.150] <inf> littlefs: LittleFS version 2.11, disk version 2.1 mounted on /lfs
[      0.210] <dbg> os_pm: pm_subscribe: power subsystem registered
[      0.212] <dbg> os_pm: pm_subscribe succeeded 0x20001850
[      0.300] <inf> sensor: BMI160 IMU detected on I2C1 addr 0x68
[      0.305] <inf> sensor: BME280 Environmental sensor detected on I2C1 addr 0x76
[      0.500] <inf> net_core: IPv6 stack initialized with 4 packet buffers
[      0.510] <inf> net_core: Network interface Ethernet ready (MAC 02:00:5E:00:53:01)
[      1.200] <wrn> net_dhcpv4: DHCP discover timeout, retrying (attempt 1/3)
[      2.100] <inf> net_dhcpv4: DHCP lease received: 192.168.1.188 / 24, gw: 192.168.1.1
[      2.250] <inf> app: Application main task entering event loop
[      3.100] <inf> app: Battery voltage: 3.84V (78% charge)
[      4.500] <dbg> app: Telemetry ping emitted: seq=1 rssi=-62
[      5.200] <err> flash: Sector 14 write verify failed at 0x0805E000
[      5.205] <wrn> flash: Sector relocated to spare block 0x0805F000
[      6.000] <inf> app: Telemetry ping emitted: seq=2 rssi=-61
